Traceback (most recent call last):
  File "C:\Users\Dragan Azdejkovic\miniconda3\envs\jb1\lib\site-packages\jupyter_cache\executors\utils.py", line 58, in single_nb_execution
    executenb(
  File "C:\Users\Dragan Azdejkovic\miniconda3\envs\jb1\lib\site-packages\nbclient\client.py", line 1305, in execute
    return NotebookClient(nb=nb, resources=resources, km=km, **kwargs).execute()
  File "C:\Users\Dragan Azdejkovic\miniconda3\envs\jb1\lib\site-packages\jupyter_core\utils\__init__.py", line 165, in wrapped
    return loop.run_until_complete(inner)
  File "C:\Users\Dragan Azdejkovic\miniconda3\envs\jb1\lib\asyncio\base_events.py", line 649, in run_until_complete
    return future.result()
  File "C:\Users\Dragan Azdejkovic\miniconda3\envs\jb1\lib\site-packages\nbclient\client.py", line 705, in async_execute
    await self.async_execute_cell(
  File "C:\Users\Dragan Azdejkovic\miniconda3\envs\jb1\lib\site-packages\nbclient\client.py", line 1058, in async_execute_cell
    await self._check_raise_for_error(cell, cell_index, exec_reply)
  File "C:\Users\Dragan Azdejkovic\miniconda3\envs\jb1\lib\site-packages\nbclient\client.py", line 914, in _check_raise_for_error
    raise CellExecutionError.from_cell_and_msg(cell, exec_reply_content)
nbclient.exceptions.CellExecutionError: An error occurred while executing the following cell:
------------------
# Prvo rešenje
string = input("Unesite string:")
ind = 0
for c in string:
    if c.isdigit(): 
        ind = 1
        break
if ind: 
    print("String ima cifru", c) 
else:
    print("String nema cifara") 
------------------


[1;31m---------------------------------------------------------------------------[0m
[1;31mStdinNotImplementedError[0m                  Traceback (most recent call last)
Cell [1;32mIn[14], line 2[0m
[0;32m      1[0m [38;5;66;03m# Prvo rešenje[39;00m
[1;32m----> 2[0m string [38;5;241m=[39m [38;5;28;43minput[39;49m[43m([49m[38;5;124;43m"[39;49m[38;5;124;43mUnesite string:[39;49m[38;5;124;43m"[39;49m[43m)[49m
[0;32m      3[0m ind [38;5;241m=[39m [38;5;241m0[39m
[0;32m      4[0m [38;5;28;01mfor[39;00m c [38;5;129;01min[39;00m string:

File [1;32m~\miniconda3\envs\jb1\lib\site-packages\ipykernel\kernelbase.py:1395[0m, in [0;36mKernel.raw_input[1;34m(self, prompt)[0m
[0;32m   1393[0m [38;5;28;01mif[39;00m [38;5;129;01mnot[39;00m [38;5;28mself[39m[38;5;241m.[39m_allow_stdin:
[0;32m   1394[0m     msg [38;5;241m=[39m [38;5;124m"[39m[38;5;124mraw_input was called, but this frontend does not support input requests.[39m[38;5;124m"[39m
[1;32m-> 1395[0m     [38;5;28;01mraise[39;00m StdinNotImplementedError(msg)
[0;32m   1396[0m [38;5;28;01mreturn[39;00m [38;5;28mself[39m[38;5;241m.[39m_input_request(
[0;32m   1397[0m     [38;5;28mstr[39m(prompt),
[0;32m   1398[0m     [38;5;28mself[39m[38;5;241m.[39m_get_shell_context_var([38;5;28mself[39m[38;5;241m.[39m_shell_parent_ident),
[0;32m   1399[0m     [38;5;28mself[39m[38;5;241m.[39mget_parent([38;5;124m"[39m[38;5;124mshell[39m[38;5;124m"[39m),
[0;32m   1400[0m     password[38;5;241m=[39m[38;5;28;01mFalse[39;00m,
[0;32m   1401[0m )

[1;31mStdinNotImplementedError[0m: raw_input was called, but this frontend does not support input requests.

